
  .   ____          _            __ _ _
 /\\ / ___'_ __ _ _(_)_ __  __ _ \ \ \ \
( ( )\___ | '_ | '_| | '_ \/ _` | \ \ \ \
 \\/  ___)| |_)| | | | | || (_| |  ) ) ) )
  '  |____| .__|_| |_|_| |_\__, | / / / /
 =========|_|==============|___/=/_/_/_/

 :: Spring Boot ::                (v3.3.5)

2026-03-25T17:12:58.771+08:00  INFO 5664 --- [           main] com.nene.datagov.DataGovApplication      : Starting DataGovApplication v1.0.0 using Java 17.0.2 with PID 5664 (C:\Users\nene\Desktop\大二简历与项目包_2026-03-24\projects\java-data-governance\backend\target\java-data-governance-backend-1.0.0.jar started by nene in C:\Users\nene)
2026-03-25T17:12:58.771+08:00  INFO 5664 --- [           main] com.nene.datagov.DataGovApplication      : No active profile set, falling back to 1 default profile: "default"
2026-03-25T17:13:08.736+08:00  INFO 5664 --- [           main] o.s.b.w.embedded.tomcat.TomcatWebServer  : Tomcat initialized with port 8081 (http)
2026-03-25T17:13:08.751+08:00  INFO 5664 --- [           main] o.apache.catalina.core.StandardService   : Starting service [Tomcat]
2026-03-25T17:13:08.751+08:00  INFO 5664 --- [           main] o.apache.catalina.core.StandardEngine    : Starting Servlet engine: [Apache Tomcat/10.1.31]
2026-03-25T17:13:08.796+08:00  INFO 5664 --- [           main] o.a.c.c.C.[Tomcat].[localhost].[/]       : Initializing Spring embedded WebApplicationContext
2026-03-25T17:13:08.796+08:00  INFO 5664 --- [           main] w.s.c.ServletWebServerApplicationContext : Root WebApplicationContext: initialization completed in 9928 ms
2026-03-25T17:13:08.835+08:00  INFO 5664 --- [           main] com.zaxxer.hikari.HikariDataSource       : HikariPool-1 - Starting...
2026-03-25T17:13:09.195+08:00  INFO 5664 --- [           main] com.zaxxer.hikari.pool.HikariPool        : HikariPool-1 - Added connection conn0: url=jdbc:h2:mem:datagov user=SA
2026-03-25T17:13:09.201+08:00  INFO 5664 --- [           main] com.zaxxer.hikari.HikariDataSource       : HikariPool-1 - Start completed.
2026-03-25T17:13:09.214+08:00  INFO 5664 --- [           main] o.s.b.a.h2.H2ConsoleAutoConfiguration    : H2 console available at '/h2-console'. Database available at 'jdbc:h2:mem:datagov'
 _ _   |_  _ _|_. ___ _ |    _ 
| | |\/|_)(_| | |_\  |_)||_|_\ 
     /               |         
                        3.5.7 
2026-03-25T17:13:11.359+08:00  INFO 5664 --- [           main] o.s.b.w.embedded.tomcat.TomcatWebServer  : Tomcat started on port 8081 (http) with context path '/'
2026-03-25T17:13:11.380+08:00  INFO 5664 --- [           main] com.nene.datagov.DataGovApplication      : Started DataGovApplication in 13.261 seconds (process running for 13.949)
